// Jest Snapshot v1, https://goo.gl/fbAQLP

exports[`Storyshots Example/Page Test 1`] = `
{
  "asFragment": [Function],
  "baseElement": <body
    class="sb-show-nopreview"
  >
    <div>
      <div>
        <div
          class="App"
        >
          <header
            class="App-header"
          >
            <section
              class="swiper swiper-initialized swiper-horizontal swiper-pointer-events"
            >
              <ul
                class="swiper-wrapper"
                style="transition-duration: 0ms; transform: translate3d(NaNpx, 0px, 0px);"
              >
                <div
                  class="swiper-slide swiper-slide-duplicate"
                  data-swiper-slide-index="6"
                >
                  <div>
                    <img
                      src="https://1.bp.blogspot.com/-tVeC6En4e_E/X96mhDTzJNI/AAAAAAABdBo/jlD_jvZvMuk3qUcNjA_XORrA4w3lhPkdQCNcBGAsYHQ/s1048/onepiece01_luffy.png"
                    />
                  </div>
                </div>
                <div
                  class="swiper-slide swiper-slide-duplicate"
                  data-swiper-slide-index="7"
                >
                  <div>
                    <img
                      src="https://1.bp.blogspot.com/-tVeC6En4e_E/X96mhDTzJNI/AAAAAAABdBo/jlD_jvZvMuk3qUcNjA_XORrA4w3lhPkdQCNcBGAsYHQ/s1048/onepiece01_luffy.png"
                    />
                  </div>
                </div>
                <div
                  class="swiper-slide swiper-slide-duplicate"
                  data-swiper-slide-index="8"
                >
                  <div>
                    <img
                      src="https://1.bp.blogspot.com/-tVeC6En4e_E/X96mhDTzJNI/AAAAAAABdBo/jlD_jvZvMuk3qUcNjA_XORrA4w3lhPkdQCNcBGAsYHQ/s1048/onepiece01_luffy.png"
                    />
                  </div>
                </div>
                <div
                  class="swiper-slide swiper-slide-duplicate"
                  data-swiper-slide-index="9"
                >
                  <div>
                    <img
                      src="https://1.bp.blogspot.com/-tVeC6En4e_E/X96mhDTzJNI/AAAAAAABdBo/jlD_jvZvMuk3qUcNjA_XORrA4w3lhPkdQCNcBGAsYHQ/s1048/onepiece01_luffy.png"
                    />
                  </div>
                </div>
                <div
                  class="swiper-slide"
                  data-swiper-slide-index="0"
                >
                  <div>
                    <img
                      src="https://1.bp.blogspot.com/-tVeC6En4e_E/X96mhDTzJNI/AAAAAAABdBo/jlD_jvZvMuk3qUcNjA_XORrA4w3lhPkdQCNcBGAsYHQ/s1048/onepiece01_luffy.png"
                    />
                  </div>
                </div>
                <div
                  class="swiper-slide"
                  data-swiper-slide-index="1"
                >
                  <div>
                    <img
                      src="https://1.bp.blogspot.com/-tVeC6En4e_E/X96mhDTzJNI/AAAAAAABdBo/jlD_jvZvMuk3qUcNjA_XORrA4w3lhPkdQCNcBGAsYHQ/s1048/onepiece01_luffy.png"
                    />
                  </div>
                </div>
                <div
                  class="swiper-slide"
                  data-swiper-slide-index="2"
                >
                  <div>
                    <img
                      src="https://1.bp.blogspot.com/-tVeC6En4e_E/X96mhDTzJNI/AAAAAAABdBo/jlD_jvZvMuk3qUcNjA_XORrA4w3lhPkdQCNcBGAsYHQ/s1048/onepiece01_luffy.png"
                    />
                  </div>
                </div>
                <div
                  class="swiper-slide"
                  data-swiper-slide-index="3"
                >
                  <div>
                    <img
                      src="https://1.bp.blogspot.com/-tVeC6En4e_E/X96mhDTzJNI/AAAAAAABdBo/jlD_jvZvMuk3qUcNjA_XORrA4w3lhPkdQCNcBGAsYHQ/s1048/onepiece01_luffy.png"
                    />
                  </div>
                </div>
                <div
                  class="swiper-slide"
                  data-swiper-slide-index="4"
                >
                  <div>
                    <img
                      src="https://1.bp.blogspot.com/-tVeC6En4e_E/X96mhDTzJNI/AAAAAAABdBo/jlD_jvZvMuk3qUcNjA_XORrA4w3lhPkdQCNcBGAsYHQ/s1048/onepiece01_luffy.png"
                    />
                  </div>
                </div>
                <div
                  class="swiper-slide"
                  data-swiper-slide-index="5"
                >
                  <div>
                    <img
                      src="https://1.bp.blogspot.com/-tVeC6En4e_E/X96mhDTzJNI/AAAAAAABdBo/jlD_jvZvMuk3qUcNjA_XORrA4w3lhPkdQCNcBGAsYHQ/s1048/onepiece01_luffy.png"
                    />
                  </div>
                </div>
                <div
                  class="swiper-slide"
                  data-swiper-slide-index="6"
                >
                  <div>
                    <img
                      src="https://1.bp.blogspot.com/-tVeC6En4e_E/X96mhDTzJNI/AAAAAAABdBo/jlD_jvZvMuk3qUcNjA_XORrA4w3lhPkdQCNcBGAsYHQ/s1048/onepiece01_luffy.png"
                    />
                  </div>
                </div>
                <div
                  class="swiper-slide"
                  data-swiper-slide-index="7"
                >
                  <div>
                    <img
                      src="https://1.bp.blogspot.com/-tVeC6En4e_E/X96mhDTzJNI/AAAAAAABdBo/jlD_jvZvMuk3qUcNjA_XORrA4w3lhPkdQCNcBGAsYHQ/s1048/onepiece01_luffy.png"
                    />
                  </div>
                </div>
                <div
                  class="swiper-slide"
                  data-swiper-slide-index="8"
                >
                  <div>
                    <img
                      src="https://1.bp.blogspot.com/-tVeC6En4e_E/X96mhDTzJNI/AAAAAAABdBo/jlD_jvZvMuk3qUcNjA_XORrA4w3lhPkdQCNcBGAsYHQ/s1048/onepiece01_luffy.png"
                    />
                  </div>
                </div>
                <div
                  class="swiper-slide"
                  data-swiper-slide-index="9"
                >
                  <div>
                    <img
                      src="https://1.bp.blogspot.com/-tVeC6En4e_E/X96mhDTzJNI/AAAAAAABdBo/jlD_jvZvMuk3qUcNjA_XORrA4w3lhPkdQCNcBGAsYHQ/s1048/onepiece01_luffy.png"
                    />
                  </div>
                </div>
                <div
                  class="swiper-slide swiper-slide-duplicate"
                  data-swiper-slide-index="0"
                >
                  <div>
                    <img
                      src="https://1.bp.blogspot.com/-tVeC6En4e_E/X96mhDTzJNI/AAAAAAABdBo/jlD_jvZvMuk3qUcNjA_XORrA4w3lhPkdQCNcBGAsYHQ/s1048/onepiece01_luffy.png"
                    />
                  </div>
                </div>
                <div
                  class="swiper-slide swiper-slide-duplicate"
                  data-swiper-slide-index="1"
                >
                  <div>
                    <img
                      src="https://1.bp.blogspot.com/-tVeC6En4e_E/X96mhDTzJNI/AAAAAAABdBo/jlD_jvZvMuk3qUcNjA_XORrA4w3lhPkdQCNcBGAsYHQ/s1048/onepiece01_luffy.png"
                    />
                  </div>
                </div>
                <div
                  class="swiper-slide swiper-slide-duplicate"
                  data-swiper-slide-index="2"
                >
                  <div>
                    <img
                      src="https://1.bp.blogspot.com/-tVeC6En4e_E/X96mhDTzJNI/AAAAAAABdBo/jlD_jvZvMuk3qUcNjA_XORrA4w3lhPkdQCNcBGAsYHQ/s1048/onepiece01_luffy.png"
                    />
                  </div>
                </div>
                <div
                  class="swiper-slide swiper-slide-duplicate"
                  data-swiper-slide-index="3"
                >
                  <div>
                    <img
                      src="https://1.bp.blogspot.com/-tVeC6En4e_E/X96mhDTzJNI/AAAAAAABdBo/jlD_jvZvMuk3qUcNjA_XORrA4w3lhPkdQCNcBGAsYHQ/s1048/onepiece01_luffy.png"
                    />
                  </div>
                </div>
              </ul>
            </section>
          </header>
        </div>
      </div>
    </div>
  </body>,
  "container": <div>
    <div>
      <div
        class="App"
      >
        <header
          class="App-header"
        >
          <section
            class="swiper swiper-initialized swiper-horizontal swiper-pointer-events"
          >
            <ul
              class="swiper-wrapper"
              style="transition-duration: 0ms; transform: translate3d(NaNpx, 0px, 0px);"
            >
              <div
                class="swiper-slide swiper-slide-duplicate"
                data-swiper-slide-index="6"
              >
                <div>
                  <img
                    src="https://1.bp.blogspot.com/-tVeC6En4e_E/X96mhDTzJNI/AAAAAAABdBo/jlD_jvZvMuk3qUcNjA_XORrA4w3lhPkdQCNcBGAsYHQ/s1048/onepiece01_luffy.png"
                  />
                </div>
              </div>
              <div
                class="swiper-slide swiper-slide-duplicate"
                data-swiper-slide-index="7"
              >
                <div>
                  <img
                    src="https://1.bp.blogspot.com/-tVeC6En4e_E/X96mhDTzJNI/AAAAAAABdBo/jlD_jvZvMuk3qUcNjA_XORrA4w3lhPkdQCNcBGAsYHQ/s1048/onepiece01_luffy.png"
                  />
                </div>
              </div>
              <div
                class="swiper-slide swiper-slide-duplicate"
                data-swiper-slide-index="8"
              >
                <div>
                  <img
                    src="https://1.bp.blogspot.com/-tVeC6En4e_E/X96mhDTzJNI/AAAAAAABdBo/jlD_jvZvMuk3qUcNjA_XORrA4w3lhPkdQCNcBGAsYHQ/s1048/onepiece01_luffy.png"
                  />
                </div>
              </div>
              <div
                class="swiper-slide swiper-slide-duplicate"
                data-swiper-slide-index="9"
              >
                <div>
                  <img
                    src="https://1.bp.blogspot.com/-tVeC6En4e_E/X96mhDTzJNI/AAAAAAABdBo/jlD_jvZvMuk3qUcNjA_XORrA4w3lhPkdQCNcBGAsYHQ/s1048/onepiece01_luffy.png"
                  />
                </div>
              </div>
              <div
                class="swiper-slide"
                data-swiper-slide-index="0"
              >
                <div>
                  <img
                    src="https://1.bp.blogspot.com/-tVeC6En4e_E/X96mhDTzJNI/AAAAAAABdBo/jlD_jvZvMuk3qUcNjA_XORrA4w3lhPkdQCNcBGAsYHQ/s1048/onepiece01_luffy.png"
                  />
                </div>
              </div>
              <div
                class="swiper-slide"
                data-swiper-slide-index="1"
              >
                <div>
                  <img
                    src="https://1.bp.blogspot.com/-tVeC6En4e_E/X96mhDTzJNI/AAAAAAABdBo/jlD_jvZvMuk3qUcNjA_XORrA4w3lhPkdQCNcBGAsYHQ/s1048/onepiece01_luffy.png"
                  />
                </div>
              </div>
              <div
                class="swiper-slide"
                data-swiper-slide-index="2"
              >
                <div>
                  <img
                    src="https://1.bp.blogspot.com/-tVeC6En4e_E/X96mhDTzJNI/AAAAAAABdBo/jlD_jvZvMuk3qUcNjA_XORrA4w3lhPkdQCNcBGAsYHQ/s1048/onepiece01_luffy.png"
                  />
                </div>
              </div>
              <div
                class="swiper-slide"
                data-swiper-slide-index="3"
              >
                <div>
                  <img
                    src="https://1.bp.blogspot.com/-tVeC6En4e_E/X96mhDTzJNI/AAAAAAABdBo/jlD_jvZvMuk3qUcNjA_XORrA4w3lhPkdQCNcBGAsYHQ/s1048/onepiece01_luffy.png"
                  />
                </div>
              </div>
              <div
                class="swiper-slide"
                data-swiper-slide-index="4"
              >
                <div>
                  <img
                    src="https://1.bp.blogspot.com/-tVeC6En4e_E/X96mhDTzJNI/AAAAAAABdBo/jlD_jvZvMuk3qUcNjA_XORrA4w3lhPkdQCNcBGAsYHQ/s1048/onepiece01_luffy.png"
                  />
                </div>
              </div>
              <div
                class="swiper-slide"
                data-swiper-slide-index="5"
              >
                <div>
                  <img
                    src="https://1.bp.blogspot.com/-tVeC6En4e_E/X96mhDTzJNI/AAAAAAABdBo/jlD_jvZvMuk3qUcNjA_XORrA4w3lhPkdQCNcBGAsYHQ/s1048/onepiece01_luffy.png"
                  />
                </div>
              </div>
              <div
                class="swiper-slide"
                data-swiper-slide-index="6"
              >
                <div>
                  <img
                    src="https://1.bp.blogspot.com/-tVeC6En4e_E/X96mhDTzJNI/AAAAAAABdBo/jlD_jvZvMuk3qUcNjA_XORrA4w3lhPkdQCNcBGAsYHQ/s1048/onepiece01_luffy.png"
                  />
                </div>
              </div>
              <div
                class="swiper-slide"
                data-swiper-slide-index="7"
              >
                <div>
                  <img
                    src="https://1.bp.blogspot.com/-tVeC6En4e_E/X96mhDTzJNI/AAAAAAABdBo/jlD_jvZvMuk3qUcNjA_XORrA4w3lhPkdQCNcBGAsYHQ/s1048/onepiece01_luffy.png"
                  />
                </div>
              </div>
              <div
                class="swiper-slide"
                data-swiper-slide-index="8"
              >
                <div>
                  <img
                    src="https://1.bp.blogspot.com/-tVeC6En4e_E/X96mhDTzJNI/AAAAAAABdBo/jlD_jvZvMuk3qUcNjA_XORrA4w3lhPkdQCNcBGAsYHQ/s1048/onepiece01_luffy.png"
                  />
                </div>
              </div>
              <div
                class="swiper-slide"
                data-swiper-slide-index="9"
              >
                <div>
                  <img
                    src="https://1.bp.blogspot.com/-tVeC6En4e_E/X96mhDTzJNI/AAAAAAABdBo/jlD_jvZvMuk3qUcNjA_XORrA4w3lhPkdQCNcBGAsYHQ/s1048/onepiece01_luffy.png"
                  />
                </div>
              </div>
              <div
                class="swiper-slide swiper-slide-duplicate"
                data-swiper-slide-index="0"
              >
                <div>
                  <img
                    src="https://1.bp.blogspot.com/-tVeC6En4e_E/X96mhDTzJNI/AAAAAAABdBo/jlD_jvZvMuk3qUcNjA_XORrA4w3lhPkdQCNcBGAsYHQ/s1048/onepiece01_luffy.png"
                  />
                </div>
              </div>
              <div
                class="swiper-slide swiper-slide-duplicate"
                data-swiper-slide-index="1"
              >
                <div>
                  <img
                    src="https://1.bp.blogspot.com/-tVeC6En4e_E/X96mhDTzJNI/AAAAAAABdBo/jlD_jvZvMuk3qUcNjA_XORrA4w3lhPkdQCNcBGAsYHQ/s1048/onepiece01_luffy.png"
                  />
                </div>
              </div>
              <div
                class="swiper-slide swiper-slide-duplicate"
                data-swiper-slide-index="2"
              >
                <div>
                  <img
                    src="https://1.bp.blogspot.com/-tVeC6En4e_E/X96mhDTzJNI/AAAAAAABdBo/jlD_jvZvMuk3qUcNjA_XORrA4w3lhPkdQCNcBGAsYHQ/s1048/onepiece01_luffy.png"
                  />
                </div>
              </div>
              <div
                class="swiper-slide swiper-slide-duplicate"
                data-swiper-slide-index="3"
              >
                <div>
                  <img
                    src="https://1.bp.blogspot.com/-tVeC6En4e_E/X96mhDTzJNI/AAAAAAABdBo/jlD_jvZvMuk3qUcNjA_XORrA4w3lhPkdQCNcBGAsYHQ/s1048/onepiece01_luffy.png"
                  />
                </div>
              </div>
            </ul>
          </section>
        </header>
      </div>
    </div>
  </div>,
  "debug": [Function],
  "findAllByAltText": [Function],
  "findAllByDisplayValue": [Function],
  "findAllByLabelText": [Function],
  "findAllByPlaceholderText": [Function],
  "findAllByRole": [Function],
  "findAllByTestId": [Function],
  "findAllByText": [Function],
  "findAllByTitle": [Function],
  "findByAltText": [Function],
  "findByDisplayValue": [Function],
  "findByLabelText": [Function],
  "findByPlaceholderText": [Function],
  "findByRole": [Function],
  "findByTestId": [Function],
  "findByText": [Function],
  "findByTitle": [Function],
  "getAllByAltText": [Function],
  "getAllByDisplayValue": [Function],
  "getAllByLabelText": [Function],
  "getAllByPlaceholderText": [Function],
  "getAllByRole": [Function],
  "getAllByTestId": [Function],
  "getAllByText": [Function],
  "getAllByTitle": [Function],
  "getByAltText": [Function],
  "getByDisplayValue": [Function],
  "getByLabelText": [Function],
  "getByPlaceholderText": [Function],
  "getByRole": [Function],
  "getByTestId": [Function],
  "getByText": [Function],
  "getByTitle": [Function],
  "queryAllByAltText": [Function],
  "queryAllByDisplayValue": [Function],
  "queryAllByLabelText": [Function],
  "queryAllByPlaceholderText": [Function],
  "queryAllByRole": [Function],
  "queryAllByTestId": [Function],
  "queryAllByText": [Function],
  "queryAllByTitle": [Function],
  "queryByAltText": [Function],
  "queryByDisplayValue": [Function],
  "queryByLabelText": [Function],
  "queryByPlaceholderText": [Function],
  "queryByRole": [Function],
  "queryByTestId": [Function],
  "queryByText": [Function],
  "queryByTitle": [Function],
  "rerender": [Function],
  "unmount": [Function],
}
`;
